Archive member included because of file (symbol)

C:\Users\lstolz\Desktop\FollowMe\FollowMe\followme_car\SoftConsole\followme_car_MSS_MSS_CM3_0\followme_car_MSS_MSS_CM3_0_hw_platform\Debug\libfollowme_car_MSS_MSS_CM3_0_hw_platform.a(system_a2fxxxm3.o)
                              C:/Users/lstolz/Desktop/FollowMe/FollowMe/followme_car/SoftConsole/followme_car_MSS_MSS_CM3_0/followme_car_MSS_MSS_CM3_0_hw_platform/Debug/CMSIS/startup_gcc/startup_a2fxxxm3.o (SystemInit)
c:/actel/libero_v9.1/softconsole/sourcery-g++/bin/../lib/gcc/arm-none-eabi/4.4.1/../../../../arm-none-eabi/lib/thumb2\libc.a(lib_a-errno.o)
                              C:/Users/lstolz/Desktop/FollowMe/FollowMe/followme_car/SoftConsole/followme_car_MSS_MSS_CM3_0/followme_car_MSS_MSS_CM3_0_hw_platform/Debug/CMSIS/startup_gcc/newlib_stubs.o (__errno)
c:/actel/libero_v9.1/softconsole/sourcery-g++/bin/../lib/gcc/arm-none-eabi/4.4.1/../../../../arm-none-eabi/lib/thumb2\libc.a(lib_a-impure.o)
                              c:/actel/libero_v9.1/softconsole/sourcery-g++/bin/../lib/gcc/arm-none-eabi/4.4.1/../../../../arm-none-eabi/lib/thumb2\libc.a(lib_a-errno.o) (_impure_ptr)
c:/actel/libero_v9.1/softconsole/sourcery-g++/bin/../lib/gcc/arm-none-eabi/4.4.1/../../../../arm-none-eabi/lib/thumb2\libc.a(lib_a-init.o)
                              C:/Users/lstolz/Desktop/FollowMe/FollowMe/followme_car/SoftConsole/followme_car_MSS_MSS_CM3_0/followme_car_MSS_MSS_CM3_0_hw_platform/Debug/CMSIS/startup_gcc/startup_a2fxxxm3.o (__libc_init_array)

Discarded input sections

 .text          0x00000000        0x0 c:/actel/libero_v9.1/softconsole/sourcery-g++/bin/../lib/gcc/arm-none-eabi/4.4.1/thumb2/crti.o
 .data          0x00000000        0x0 c:/actel/libero_v9.1/softconsole/sourcery-g++/bin/../lib/gcc/arm-none-eabi/4.4.1/thumb2/crti.o
 .bss           0x00000000        0x0 c:/actel/libero_v9.1/softconsole/sourcery-g++/bin/../lib/gcc/arm-none-eabi/4.4.1/thumb2/crti.o
 .data          0x00000000        0x4 c:/actel/libero_v9.1/softconsole/sourcery-g++/bin/../lib/gcc/arm-none-eabi/4.4.1/thumb2/crtbegin.o
 .text          0x00000000        0x0 ./car.o
 .data          0x00000000        0x0 ./car.o
 .bss           0x00000000        0x0 ./car.o
 .text          0x00000000        0x0 ./main.o
 .data          0x00000000        0x0 ./main.o
 .bss           0x00000000        0x0 ./main.o
 .text          0x00000000        0x0 C:/Users/lstolz/Desktop/FollowMe/FollowMe/followme_car/SoftConsole/followme_car_MSS_MSS_CM3_0/followme_car_MSS_MSS_CM3_0_hw_platform/Debug/CMSIS/startup_gcc/startup_a2fxxxm3.o
 .data          0x00000000        0x0 C:/Users/lstolz/Desktop/FollowMe/FollowMe/followme_car/SoftConsole/followme_car_MSS_MSS_CM3_0/followme_car_MSS_MSS_CM3_0_hw_platform/Debug/CMSIS/startup_gcc/startup_a2fxxxm3.o
 .bss           0x00000000        0x0 C:/Users/lstolz/Desktop/FollowMe/FollowMe/followme_car/SoftConsole/followme_car_MSS_MSS_CM3_0/followme_car_MSS_MSS_CM3_0_hw_platform/Debug/CMSIS/startup_gcc/startup_a2fxxxm3.o
 .text          0x00000000        0x0 C:/Users/lstolz/Desktop/FollowMe/FollowMe/followme_car/SoftConsole/followme_car_MSS_MSS_CM3_0/followme_car_MSS_MSS_CM3_0_hw_platform/Debug/CMSIS/startup_gcc/newlib_stubs.o
 .data          0x00000000        0x0 C:/Users/lstolz/Desktop/FollowMe/FollowMe/followme_car/SoftConsole/followme_car_MSS_MSS_CM3_0/followme_car_MSS_MSS_CM3_0_hw_platform/Debug/CMSIS/startup_gcc/newlib_stubs.o
 .bss           0x00000000        0x0 C:/Users/lstolz/Desktop/FollowMe/FollowMe/followme_car/SoftConsole/followme_car_MSS_MSS_CM3_0/followme_car_MSS_MSS_CM3_0_hw_platform/Debug/CMSIS/startup_gcc/newlib_stubs.o
 .bss.__env     0x00000000        0x4 C:/Users/lstolz/Desktop/FollowMe/FollowMe/followme_car/SoftConsole/followme_car_MSS_MSS_CM3_0/followme_car_MSS_MSS_CM3_0_hw_platform/Debug/CMSIS/startup_gcc/newlib_stubs.o
 .data.environ  0x00000000        0x4 C:/Users/lstolz/Desktop/FollowMe/FollowMe/followme_car/SoftConsole/followme_car_MSS_MSS_CM3_0/followme_car_MSS_MSS_CM3_0_hw_platform/Debug/CMSIS/startup_gcc/newlib_stubs.o
 .text._close   0x00000000       0x18 C:/Users/lstolz/Desktop/FollowMe/FollowMe/followme_car/SoftConsole/followme_car_MSS_MSS_CM3_0/followme_car_MSS_MSS_CM3_0_hw_platform/Debug/CMSIS/startup_gcc/newlib_stubs.o
 .text._execve  0x00000000       0x28 C:/Users/lstolz/Desktop/FollowMe/FollowMe/followme_car/SoftConsole/followme_car_MSS_MSS_CM3_0/followme_car_MSS_MSS_CM3_0_hw_platform/Debug/CMSIS/startup_gcc/newlib_stubs.o
 .text._exit    0x00000000        0xc C:/Users/lstolz/Desktop/FollowMe/FollowMe/followme_car/SoftConsole/followme_car_MSS_MSS_CM3_0/followme_car_MSS_MSS_CM3_0_hw_platform/Debug/CMSIS/startup_gcc/newlib_stubs.o
 .text._fork    0x00000000       0x18 C:/Users/lstolz/Desktop/FollowMe/FollowMe/followme_car/SoftConsole/followme_car_MSS_MSS_CM3_0/followme_car_MSS_MSS_CM3_0_hw_platform/Debug/CMSIS/startup_gcc/newlib_stubs.o
 .text._fstat   0x00000000       0x24 C:/Users/lstolz/Desktop/FollowMe/FollowMe/followme_car/SoftConsole/followme_car_MSS_MSS_CM3_0/followme_car_MSS_MSS_CM3_0_hw_platform/Debug/CMSIS/startup_gcc/newlib_stubs.o
 .text._getpid  0x00000000       0x10 C:/Users/lstolz/Desktop/FollowMe/FollowMe/followme_car/SoftConsole/followme_car_MSS_MSS_CM3_0/followme_car_MSS_MSS_CM3_0_hw_platform/Debug/CMSIS/startup_gcc/newlib_stubs.o
 .text._isatty  0x00000000       0x18 C:/Users/lstolz/Desktop/FollowMe/FollowMe/followme_car/SoftConsole/followme_car_MSS_MSS_CM3_0/followme_car_MSS_MSS_CM3_0_hw_platform/Debug/CMSIS/startup_gcc/newlib_stubs.o
 .text._kill    0x00000000       0x24 C:/Users/lstolz/Desktop/FollowMe/FollowMe/followme_car/SoftConsole/followme_car_MSS_MSS_CM3_0/followme_car_MSS_MSS_CM3_0_hw_platform/Debug/CMSIS/startup_gcc/newlib_stubs.o
 .text._link    0x00000000       0x24 C:/Users/lstolz/Desktop/FollowMe/FollowMe/followme_car/SoftConsole/followme_car_MSS_MSS_CM3_0/followme_car_MSS_MSS_CM3_0_hw_platform/Debug/CMSIS/startup_gcc/newlib_stubs.o
 .text._lseek   0x00000000       0x1c C:/Users/lstolz/Desktop/FollowMe/FollowMe/followme_car/SoftConsole/followme_car_MSS_MSS_CM3_0/followme_car_MSS_MSS_CM3_0_hw_platform/Debug/CMSIS/startup_gcc/newlib_stubs.o
 .text._open    0x00000000       0x1c C:/Users/lstolz/Desktop/FollowMe/FollowMe/followme_car/SoftConsole/followme_car_MSS_MSS_CM3_0/followme_car_MSS_MSS_CM3_0_hw_platform/Debug/CMSIS/startup_gcc/newlib_stubs.o
 .text._read    0x00000000       0x1c C:/Users/lstolz/Desktop/FollowMe/FollowMe/followme_car/SoftConsole/followme_car_MSS_MSS_CM3_0/followme_car_MSS_MSS_CM3_0_hw_platform/Debug/CMSIS/startup_gcc/newlib_stubs.o
 .text._write_r
                0x00000000       0x20 C:/Users/lstolz/Desktop/FollowMe/FollowMe/followme_car/SoftConsole/followme_car_MSS_MSS_CM3_0/followme_car_MSS_MSS_CM3_0_hw_platform/Debug/CMSIS/startup_gcc/newlib_stubs.o
 .rodata        0x00000000       0x1c C:/Users/lstolz/Desktop/FollowMe/FollowMe/followme_car/SoftConsole/followme_car_MSS_MSS_CM3_0/followme_car_MSS_MSS_CM3_0_hw_platform/Debug/CMSIS/startup_gcc/newlib_stubs.o
 .text._sbrk    0x00000000       0x94 C:/Users/lstolz/Desktop/FollowMe/FollowMe/followme_car/SoftConsole/followme_car_MSS_MSS_CM3_0/followme_car_MSS_MSS_CM3_0_hw_platform/Debug/CMSIS/startup_gcc/newlib_stubs.o
 .text._stat    0x00000000       0x24 C:/Users/lstolz/Desktop/FollowMe/FollowMe/followme_car/SoftConsole/followme_car_MSS_MSS_CM3_0/followme_car_MSS_MSS_CM3_0_hw_platform/Debug/CMSIS/startup_gcc/newlib_stubs.o
 .text._times   0x00000000       0x18 C:/Users/lstolz/Desktop/FollowMe/FollowMe/followme_car/SoftConsole/followme_car_MSS_MSS_CM3_0/followme_car_MSS_MSS_CM3_0_hw_platform/Debug/CMSIS/startup_gcc/newlib_stubs.o
 .text._unlink  0x00000000       0x24 C:/Users/lstolz/Desktop/FollowMe/FollowMe/followme_car/SoftConsole/followme_car_MSS_MSS_CM3_0/followme_car_MSS_MSS_CM3_0_hw_platform/Debug/CMSIS/startup_gcc/newlib_stubs.o
 .text._wait    0x00000000       0x24 C:/Users/lstolz/Desktop/FollowMe/FollowMe/followme_car/SoftConsole/followme_car_MSS_MSS_CM3_0/followme_car_MSS_MSS_CM3_0_hw_platform/Debug/CMSIS/startup_gcc/newlib_stubs.o
 .bss.heap_end.2220
                0x00000000        0x4 C:/Users/lstolz/Desktop/FollowMe/FollowMe/followme_car/SoftConsole/followme_car_MSS_MSS_CM3_0/followme_car_MSS_MSS_CM3_0_hw_platform/Debug/CMSIS/startup_gcc/newlib_stubs.o
 .text          0x00000000        0x0 C:\Users\lstolz\Desktop\FollowMe\FollowMe\followme_car\SoftConsole\followme_car_MSS_MSS_CM3_0\followme_car_MSS_MSS_CM3_0_hw_platform\Debug\libfollowme_car_MSS_MSS_CM3_0_hw_platform.a(system_a2fxxxm3.o)
 .data          0x00000000        0x0 C:\Users\lstolz\Desktop\FollowMe\FollowMe\followme_car\SoftConsole\followme_car_MSS_MSS_CM3_0\followme_car_MSS_MSS_CM3_0_hw_platform\Debug\libfollowme_car_MSS_MSS_CM3_0_hw_platform.a(system_a2fxxxm3.o)
 .bss           0x00000000        0x0 C:\Users\lstolz\Desktop\FollowMe\FollowMe\followme_car\SoftConsole\followme_car_MSS_MSS_CM3_0\followme_car_MSS_MSS_CM3_0_hw_platform\Debug\libfollowme_car_MSS_MSS_CM3_0_hw_platform.a(system_a2fxxxm3.o)
 .data.SystemFrequency
                0x00000000        0x4 C:\Users\lstolz\Desktop\FollowMe\FollowMe\followme_car\SoftConsole\followme_car_MSS_MSS_CM3_0\followme_car_MSS_MSS_CM3_0_hw_platform\Debug\libfollowme_car_MSS_MSS_CM3_0_hw_platform.a(system_a2fxxxm3.o)
 .data.SystemCoreClock
                0x00000000        0x4 C:\Users\lstolz\Desktop\FollowMe\FollowMe\followme_car\SoftConsole\followme_car_MSS_MSS_CM3_0\followme_car_MSS_MSS_CM3_0_hw_platform\Debug\libfollowme_car_MSS_MSS_CM3_0_hw_platform.a(system_a2fxxxm3.o)
 .data.g_FrequencyPCLK0
                0x00000000        0x4 C:\Users\lstolz\Desktop\FollowMe\FollowMe\followme_car\SoftConsole\followme_car_MSS_MSS_CM3_0\followme_car_MSS_MSS_CM3_0_hw_platform\Debug\libfollowme_car_MSS_MSS_CM3_0_hw_platform.a(system_a2fxxxm3.o)
 .data.g_FrequencyPCLK1
                0x00000000        0x4 C:\Users\lstolz\Desktop\FollowMe\FollowMe\followme_car\SoftConsole\followme_car_MSS_MSS_CM3_0\followme_car_MSS_MSS_CM3_0_hw_platform\Debug\libfollowme_car_MSS_MSS_CM3_0_hw_platform.a(system_a2fxxxm3.o)
 .data.g_FrequencyACE
                0x00000000        0x4 C:\Users\lstolz\Desktop\FollowMe\FollowMe\followme_car\SoftConsole\followme_car_MSS_MSS_CM3_0\followme_car_MSS_MSS_CM3_0_hw_platform\Debug\libfollowme_car_MSS_MSS_CM3_0_hw_platform.a(system_a2fxxxm3.o)
 .data.g_FrequencyFPGA
                0x00000000        0x4 C:\Users\lstolz\Desktop\FollowMe\FollowMe\followme_car\SoftConsole\followme_car_MSS_MSS_CM3_0\followme_car_MSS_MSS_CM3_0_hw_platform\Debug\libfollowme_car_MSS_MSS_CM3_0_hw_platform.a(system_a2fxxxm3.o)
 .text.SystemCoreClockUpdate
                0x00000000      0x150 C:\Users\lstolz\Desktop\FollowMe\FollowMe\followme_car\SoftConsole\followme_car_MSS_MSS_CM3_0\followme_car_MSS_MSS_CM3_0_hw_platform\Debug\libfollowme_car_MSS_MSS_CM3_0_hw_platform.a(system_a2fxxxm3.o)
 .text.GetSystemClock
                0x00000000       0xe8 C:\Users\lstolz\Desktop\FollowMe\FollowMe\followme_car\SoftConsole\followme_car_MSS_MSS_CM3_0\followme_car_MSS_MSS_CM3_0_hw_platform\Debug\libfollowme_car_MSS_MSS_CM3_0_hw_platform.a(system_a2fxxxm3.o)
 .rodata.C.18.2576
                0x00000000       0x10 C:\Users\lstolz\Desktop\FollowMe\FollowMe\followme_car\SoftConsole\followme_car_MSS_MSS_CM3_0\followme_car_MSS_MSS_CM3_0_hw_platform\Debug\libfollowme_car_MSS_MSS_CM3_0_hw_platform.a(system_a2fxxxm3.o)
 .text          0x00000000        0xc c:/actel/libero_v9.1/softconsole/sourcery-g++/bin/../lib/gcc/arm-none-eabi/4.4.1/../../../../arm-none-eabi/lib/thumb2\libc.a(lib_a-errno.o)
 .data          0x00000000        0x0 c:/actel/libero_v9.1/softconsole/sourcery-g++/bin/../lib/gcc/arm-none-eabi/4.4.1/../../../../arm-none-eabi/lib/thumb2\libc.a(lib_a-errno.o)
 .bss           0x00000000        0x0 c:/actel/libero_v9.1/softconsole/sourcery-g++/bin/../lib/gcc/arm-none-eabi/4.4.1/../../../../arm-none-eabi/lib/thumb2\libc.a(lib_a-errno.o)
 .text          0x00000000        0x0 c:/actel/libero_v9.1/softconsole/sourcery-g++/bin/../lib/gcc/arm-none-eabi/4.4.1/../../../../arm-none-eabi/lib/thumb2\libc.a(lib_a-impure.o)
 .data          0x00000000       0xf4 c:/actel/libero_v9.1/softconsole/sourcery-g++/bin/../lib/gcc/arm-none-eabi/4.4.1/../../../../arm-none-eabi/lib/thumb2\libc.a(lib_a-impure.o)
 .bss           0x00000000        0x0 c:/actel/libero_v9.1/softconsole/sourcery-g++/bin/../lib/gcc/arm-none-eabi/4.4.1/../../../../arm-none-eabi/lib/thumb2\libc.a(lib_a-impure.o)
 .rodata        0x00000000        0x4 c:/actel/libero_v9.1/softconsole/sourcery-g++/bin/../lib/gcc/arm-none-eabi/4.4.1/../../../../arm-none-eabi/lib/thumb2\libc.a(lib_a-impure.o)
 .rodata.str1.4
                0x00000000        0x4 c:/actel/libero_v9.1/softconsole/sourcery-g++/bin/../lib/gcc/arm-none-eabi/4.4.1/../../../../arm-none-eabi/lib/thumb2\libc.a(lib_a-impure.o)
 .data          0x00000000        0x0 c:/actel/libero_v9.1/softconsole/sourcery-g++/bin/../lib/gcc/arm-none-eabi/4.4.1/../../../../arm-none-eabi/lib/thumb2\libc.a(lib_a-init.o)
 .bss           0x00000000        0x0 c:/actel/libero_v9.1/softconsole/sourcery-g++/bin/../lib/gcc/arm-none-eabi/4.4.1/../../../../arm-none-eabi/lib/thumb2\libc.a(lib_a-init.o)
 .text          0x00000000        0x0 c:/actel/libero_v9.1/softconsole/sourcery-g++/bin/../lib/gcc/arm-none-eabi/4.4.1/thumb2/crtend.o
 .data          0x00000000        0x0 c:/actel/libero_v9.1/softconsole/sourcery-g++/bin/../lib/gcc/arm-none-eabi/4.4.1/thumb2/crtend.o
 .bss           0x00000000        0x0 c:/actel/libero_v9.1/softconsole/sourcery-g++/bin/../lib/gcc/arm-none-eabi/4.4.1/thumb2/crtend.o
 .text          0x00000000        0x0 c:/actel/libero_v9.1/softconsole/sourcery-g++/bin/../lib/gcc/arm-none-eabi/4.4.1/thumb2/crtn.o
 .data          0x00000000        0x0 c:/actel/libero_v9.1/softconsole/sourcery-g++/bin/../lib/gcc/arm-none-eabi/4.4.1/thumb2/crtn.o
 .bss           0x00000000        0x0 c:/actel/libero_v9.1/softconsole/sourcery-g++/bin/../lib/gcc/arm-none-eabi/4.4.1/thumb2/crtn.o

Memory Configuration

Name             Origin             Length             Attributes
rom              0x60000000         0x00040000         xr
romMirror        0x00000000         0x00040000         xr
ram              0x20000000         0x00010000         xrw
*default*        0x00000000         0xffffffff

Linker script and memory map

LOAD c:/actel/libero_v9.1/softconsole/sourcery-g++/bin/../lib/gcc/arm-none-eabi/4.4.1/thumb2/crti.o
LOAD c:/actel/libero_v9.1/softconsole/sourcery-g++/bin/../lib/gcc/arm-none-eabi/4.4.1/thumb2/crtbegin.o
LOAD ./car.o
LOAD ./main.o
LOAD C:/Users/lstolz/Desktop/FollowMe/FollowMe/followme_car/SoftConsole/followme_car_MSS_MSS_CM3_0/followme_car_MSS_MSS_CM3_0_hw_platform/Debug/CMSIS/startup_gcc/startup_a2fxxxm3.o
LOAD C:/Users/lstolz/Desktop/FollowMe/FollowMe/followme_car/SoftConsole/followme_car_MSS_MSS_CM3_0/followme_car_MSS_MSS_CM3_0_hw_platform/Debug/CMSIS/startup_gcc/newlib_stubs.o
LOAD C:\Users\lstolz\Desktop\FollowMe\FollowMe\followme_car\SoftConsole\followme_car_MSS_MSS_CM3_0\followme_car_MSS_MSS_CM3_0_hw_platform\Debug\libfollowme_car_MSS_MSS_CM3_0_hw_platform.a
START GROUP
LOAD c:/actel/libero_v9.1/softconsole/sourcery-g++/bin/../lib/gcc/arm-none-eabi/4.4.1/thumb2\libgcc.a
LOAD c:/actel/libero_v9.1/softconsole/sourcery-g++/bin/../lib/gcc/arm-none-eabi/4.4.1/../../../../arm-none-eabi/lib/thumb2\libc.a
END GROUP
LOAD c:/actel/libero_v9.1/softconsole/sourcery-g++/bin/../lib/gcc/arm-none-eabi/4.4.1/thumb2/crtend.o
LOAD c:/actel/libero_v9.1/softconsole/sourcery-g++/bin/../lib/gcc/arm-none-eabi/4.4.1/thumb2/crtn.o
START GROUP
LOAD c:/actel/libero_v9.1/softconsole/sourcery-g++/bin/../lib/gcc/arm-none-eabi/4.4.1/../../../../arm-none-eabi/lib/thumb2\libc.a
LOAD c:/actel/libero_v9.1/softconsole/sourcery-g++/bin/../lib/gcc/arm-none-eabi/4.4.1/thumb2\libgcc.a
LOAD c:/actel/libero_v9.1/softconsole/sourcery-g++/bin/../lib/gcc/arm-none-eabi/4.4.1/../../../../arm-none-eabi/lib/thumb2\libm.a
END GROUP
                0x00000000                __DYNAMIC = 0x0
                0x20000000                RAM_START_ADDRESS = 0x20000000
                0x00010000                RAM_SIZE = 0x10000
                0x00002000                MAIN_STACK_SIZE = 0x2000
                0x00001000                PROCESS_STACK_SIZE = 0x1000
                0x20010000                PROVIDE (__main_stack_start, (RAM_START_ADDRESS + RAM_SIZE))
                0x2000e000                PROVIDE (__process_stack_start, (__main_stack_start - MAIN_STACK_SIZE))
                0x20010000                PROVIDE (_estack, __main_stack_start)
                0x00000001                PROVIDE (__mirrored_nvm, 0x1)

.init           0x00000000      0x470 load address 0x60000000
 *(.isr_vector)
 .isr_vector    0x00000000      0x470 C:/Users/lstolz/Desktop/FollowMe/FollowMe/followme_car/SoftConsole/followme_car_MSS_MSS_CM3_0/followme_car_MSS_MSS_CM3_0_hw_platform/Debug/CMSIS/startup_gcc/startup_a2fxxxm3.o
                0x00000000                g_pfnVectors
                0x00000298                Reset_Handler
                0x00000308                NMI_Handler
                0x0000030a                HardFault_Handler
                0x0000030c                MemManage_Handler
                0x0000030e                BusFault_Handler
                0x00000310                UsageFault_Handler
                0x00000312                SVC_Handler
                0x00000314                DebugMon_Handler
                0x00000316                PendSV_Handler
                0x00000318                SysTick_Handler
                0x0000031a                WdogWakeup_IRQHandler
                0x0000031c                BrownOut_1_5V_IRQHandler
                0x0000031e                BrownOut_3_3V_IRQHandler
                0x00000320                RTC_Match_IRQHandler
                0x00000322                RTCIF_Pub_IRQHandler
                0x00000324                EthernetMAC_IRQHandler
                0x00000326                IAP_IRQHandler
                0x00000328                ENVM0_IRQHandler
                0x0000032a                ENVM1_IRQHandler
                0x0000032c                DMA_IRQHandler
                0x0000032e                UART0_IRQHandler
                0x00000330                UART1_IRQHandler
                0x00000332                SPI0_IRQHandler
                0x00000334                SPI1_IRQHandler
                0x00000336                I2C0_IRQHandler
                0x00000338                I2C0_SMBAlert_IRQHandler
                0x0000033a                I2C0_SMBus_IRQHandler
                0x0000033c                I2C1_IRQHandler
                0x0000033e                I2C1_SMBAlert_IRQHandler
                0x00000340                I2C1_SMBus_IRQHandler
                0x00000342                Timer1_IRQHandler
                0x00000344                Timer2_IRQHandler
                0x00000346                PLL_Lock_IRQHandler
                0x00000348                PLL_LockLost_IRQHandler
                0x0000034a                CommError_IRQHandler
                0x0000034c                Fabric_IRQHandler
                0x0000034e                GPIO0_IRQHandler
                0x00000350                GPIO1_IRQHandler
                0x00000352                GPIO2_IRQHandler
                0x00000354                GPIO3_IRQHandler
                0x00000356                GPIO4_IRQHandler
                0x00000358                GPIO5_IRQHandler
                0x0000035a                GPIO6_IRQHandler
                0x0000035c                GPIO7_IRQHandler
                0x0000035e                GPIO8_IRQHandler
                0x00000360                GPIO9_IRQHandler
                0x00000362                GPIO10_IRQHandler
                0x00000364                GPIO11_IRQHandler
                0x00000366                GPIO12_IRQHandler
                0x00000368                GPIO13_IRQHandler
                0x0000036a                GPIO14_IRQHandler
                0x0000036c                GPIO15_IRQHandler
                0x0000036e                GPIO16_IRQHandler
                0x00000370                GPIO17_IRQHandler
                0x00000372                GPIO18_IRQHandler
                0x00000374                GPIO19_IRQHandler
                0x00000376                GPIO20_IRQHandler
                0x00000378                GPIO21_IRQHandler
                0x0000037a                GPIO22_IRQHandler
                0x0000037c                GPIO23_IRQHandler
                0x0000037e                GPIO24_IRQHandler
                0x00000380                GPIO25_IRQHandler
                0x00000382                GPIO26_IRQHandler
                0x00000384                GPIO27_IRQHandler
                0x00000386                GPIO28_IRQHandler
                0x00000388                GPIO29_IRQHandler
                0x0000038a                GPIO30_IRQHandler
                0x0000038c                GPIO31_IRQHandler
                0x0000038e                ACE_PC0_Flag0_IRQHandler
                0x00000390                ACE_PC0_Flag1_IRQHandler
                0x00000392                ACE_PC0_Flag2_IRQHandler
                0x00000394                ACE_PC0_Flag3_IRQHandler
                0x00000396                ACE_PC1_Flag0_IRQHandler
                0x00000398                ACE_PC1_Flag1_IRQHandler
                0x0000039a                ACE_PC1_Flag2_IRQHandler
                0x0000039c                ACE_PC1_Flag3_IRQHandler
                0x0000039e                ACE_PC2_Flag0_IRQHandler
                0x000003a0                ACE_PC2_Flag1_IRQHandler
                0x000003a2                ACE_PC2_Flag2_IRQHandler
                0x000003a4                ACE_PC2_Flag3_IRQHandler
                0x000003a6                ACE_ADC0_DataValid_IRQHandler
                0x000003a8                ACE_ADC1_DataValid_IRQHandler
                0x000003aa                ACE_ADC2_DataValid_IRQHandler
                0x000003ac                ACE_ADC0_CalDone_IRQHandler
                0x000003ae                ACE_ADC1_CalDone_IRQHandler
                0x000003b0                ACE_ADC2_CalDone_IRQHandler
                0x000003b2                ACE_ADC0_CalStart_IRQHandler
                0x000003b4                ACE_ADC1_CalStart_IRQHandler
                0x000003b6                ACE_ADC2_CalStart_IRQHandler
                0x000003b8                ACE_Comp0_Fall_IRQHandler
                0x000003ba                ACE_Comp1_Fall_IRQHandler
                0x000003bc                ACE_Comp2_Fall_IRQHandler
                0x000003be                ACE_Comp3_Fall_IRQHandler
                0x000003c0                ACE_Comp4_Fall_IRQHandler
                0x000003c2                ACE_Comp5_Fall_IRQHandler
                0x000003c4                ACE_Comp6_Fall_IRQHandler
                0x000003c6                ACE_Comp7_Fall_IRQHandler
                0x000003c8                ACE_Comp8_Fall_IRQHandler
                0x000003ca                ACE_Comp9_Fall_IRQHandler
                0x000003cc                ACE_Comp10_Fall_IRQHandler
                0x000003ce                ACE_Comp11_Fall_IRQHandler
                0x000003d0                ACE_Comp0_Rise_IRQHandler
                0x000003d2                ACE_Comp1_Rise_IRQHandler
                0x000003d4                ACE_Comp2_Rise_IRQHandler
                0x000003d6                ACE_Comp3_Rise_IRQHandler
                0x000003d8                ACE_Comp4_Rise_IRQHandler
                0x000003da                ACE_Comp5_Rise_IRQHandler
                0x000003dc                ACE_Comp6_Rise_IRQHandler
                0x000003de                ACE_Comp7_Rise_IRQHandler
                0x000003e0                ACE_Comp8_Rise_IRQHandler
                0x000003e2                ACE_Comp9_Rise_IRQHandler
                0x000003e4                ACE_Comp10_Rise_IRQHandler
                0x000003e6                ACE_Comp11_Rise_IRQHandler
                0x000003e8                ACE_ADC0_FifoFull_IRQHandler
                0x000003ea                ACE_ADC0_FifoAFull_IRQHandler
                0x000003ec                ACE_ADC0_FifoEmpty_IRQHandler
                0x000003ee                ACE_ADC1_FifoFull_IRQHandler
                0x000003f0                ACE_ADC1_FifoAFull_IRQHandler
                0x000003f2                ACE_ADC1_FifoEmpty_IRQHandler
                0x000003f4                ACE_ADC2_FifoFull_IRQHandler
                0x000003f6                ACE_ADC2_FifoAFull_IRQHandler
                0x000003f8                ACE_ADC2_FifoEmpty_IRQHandler
                0x000003fa                ACE_PPE_Flag0_IRQHandler
                0x000003fc                ACE_PPE_Flag1_IRQHandler
                0x000003fe                ACE_PPE_Flag2_IRQHandler
                0x00000400                ACE_PPE_Flag3_IRQHandler
                0x00000402                ACE_PPE_Flag4_IRQHandler
                0x00000404                ACE_PPE_Flag5_IRQHandler
                0x00000406                ACE_PPE_Flag6_IRQHandler
                0x00000408                ACE_PPE_Flag7_IRQHandler
                0x0000040a                ACE_PPE_Flag8_IRQHandler
                0x0000040c                ACE_PPE_Flag9_IRQHandler
                0x0000040e                ACE_PPE_Flag10_IRQHandler
                0x00000410                ACE_PPE_Flag11_IRQHandler
                0x00000412                ACE_PPE_Flag12_IRQHandler
                0x00000414                ACE_PPE_Flag13_IRQHandler
                0x00000416                ACE_PPE_Flag14_IRQHandler
                0x00000418                ACE_PPE_Flag15_IRQHandler
                0x0000041a                ACE_PPE_Flag16_IRQHandler
                0x0000041c                ACE_PPE_Flag17_IRQHandler
                0x0000041e                ACE_PPE_Flag18_IRQHandler
                0x00000420                ACE_PPE_Flag19_IRQHandler
                0x00000422                ACE_PPE_Flag20_IRQHandler
                0x00000424                ACE_PPE_Flag21_IRQHandler
                0x00000426                ACE_PPE_Flag22_IRQHandler
                0x00000428                ACE_PPE_Flag23_IRQHandler
                0x0000042a                ACE_PPE_Flag24_IRQHandler
                0x0000042c                ACE_PPE_Flag25_IRQHandler
                0x0000042e                ACE_PPE_Flag26_IRQHandler
                0x00000430                ACE_PPE_Flag27_IRQHandler
                0x00000432                ACE_PPE_Flag28_IRQHandler
                0x00000434                ACE_PPE_Flag29_IRQHandler
                0x00000436                ACE_PPE_Flag30_IRQHandler
                0x00000438                ACE_PPE_Flag31_IRQHandler
 *sys_boot.o(.text)
                0x00000470                . = ALIGN (0x4)

.text           0x00000470      0x358 load address 0x60000470
 CREATE_OBJECT_SYMBOLS
                0x60000470                __text_load = LOADADDR (.text)
                0x00000470                __text_start = .
 *(.text .text.* .gnu.linkonce.t.*)
 .text          0x00000470       0x30 c:/actel/libero_v9.1/softconsole/sourcery-g++/bin/../lib/gcc/arm-none-eabi/4.4.1/thumb2/crtbegin.o
 .text.initCar  0x000004a0        0xc ./car.o
                0x000004a0                initCar
 .text.stopCar  0x000004ac       0x1c ./car.o
                0x000004ac                stopCar
 .text.moveCarForward
                0x000004c8       0x20 ./car.o
                0x000004c8                moveCarForward
 .text.moveCarReverse
                0x000004e8       0x20 ./car.o
                0x000004e8                moveCarReverse
 .text.rotateCarRight
                0x00000508       0x20 ./car.o
                0x00000508                rotateCarRight
 .text.rotateCarLeft
                0x00000528       0x20 ./car.o
                0x00000528                rotateCarLeft
 .text.turnCarRight
                0x00000548       0x2c ./car.o
                0x00000548                turnCarRight
 .text.turnCarLeft
                0x00000574       0x2c ./car.o
                0x00000574                turnCarLeft
 .text.moveCar  0x000005a0       0xec ./car.o
                0x000005a0                moveCar
 .text.main     0x0000068c       0xb8 ./main.o
                0x0000068c                main
 .text.SystemInit
                0x00000744        0xc C:\Users\lstolz\Desktop\FollowMe\FollowMe\followme_car\SoftConsole\followme_car_MSS_MSS_CM3_0\followme_car_MSS_MSS_CM3_0_hw_platform\Debug\libfollowme_car_MSS_MSS_CM3_0_hw_platform.a(system_a2fxxxm3.o)
                0x00000744                SystemInit
 .text          0x00000750       0x50 c:/actel/libero_v9.1/softconsole/sourcery-g++/bin/../lib/gcc/arm-none-eabi/4.4.1/../../../../arm-none-eabi/lib/thumb2\libc.a(lib_a-init.o)
                0x00000750                __libc_init_array
 *(.plt)
 *(.gnu.warning)
 *(.glue_7t)
 .glue_7t       0x00000000        0x0 linker stubs
 *(.glue_7)
 .glue_7        0x00000000        0x0 linker stubs
 *(.vfp11_veneer)
 .vfp11_veneer  0x00000000        0x0 linker stubs
                0x000007a0                . = ALIGN (0x4)
 *crtbegin.o(.ctors)
 *(EXCLUDE_FILE(*crtend.o) .ctors)
 *(SORT(.ctors.*))
 *crtend.o(.ctors)
 *crtbegin.o(.dtors)
 *(EXCLUDE_FILE(*crtend.o) .dtors)
 *(SORT(.dtors.*))
 *crtend.o(.dtors)
 *(.rodata .rodata.* .gnu.linkonce.r.*)
 .rodata.DUTY_RANGE
                0x000007a0        0x4 ./car.o
 .rodata.DUTY_MIN
                0x000007a4        0x4 ./car.o
 *(.ARM.extab* .gnu.linkonce.armextab.*)
 *(.gcc_except_table)
 *(.eh_frame_hdr)
 *(.eh_frame)
 *(.init)
 .init          0x000007a8        0x4 c:/actel/libero_v9.1/softconsole/sourcery-g++/bin/../lib/gcc/arm-none-eabi/4.4.1/thumb2/crti.o
                0x000007a8                _init
 .init          0x000007ac        0x8 c:/actel/libero_v9.1/softconsole/sourcery-g++/bin/../lib/gcc/arm-none-eabi/4.4.1/thumb2/crtn.o
 *(.fini)
 .fini          0x000007b4        0x4 c:/actel/libero_v9.1/softconsole/sourcery-g++/bin/../lib/gcc/arm-none-eabi/4.4.1/thumb2/crti.o
                0x000007b4                _fini
 .fini          0x000007b8        0x8 c:/actel/libero_v9.1/softconsole/sourcery-g++/bin/../lib/gcc/arm-none-eabi/4.4.1/thumb2/crtn.o
                0x000007c0                PROVIDE (__preinit_array_start, .)
 *(.preinit_array)
                0x000007c0                PROVIDE (__preinit_array_end, .)
                0x000007c0                PROVIDE (__init_array_start, .)
 *(SORT(.init_array.*))
 *(.init_array)
 .init_array    0x000007c0        0x4 c:/actel/libero_v9.1/softconsole/sourcery-g++/bin/../lib/gcc/arm-none-eabi/4.4.1/thumb2/crtbegin.o
                0x000007c4                PROVIDE (__init_array_end, .)
                0x000007c4                PROVIDE (__fini_array_start, .)
 *(.fini_array)
 .fini_array    0x000007c4        0x4 c:/actel/libero_v9.1/softconsole/sourcery-g++/bin/../lib/gcc/arm-none-eabi/4.4.1/thumb2/crtbegin.o
 *(SORT(.fini_array.*))
                0x000007c8                PROVIDE (__fini_array_end, .)
                0x000007c8                __exidx_start = .

.v4_bx          0x000007c8        0x0 load address 0x600007c8
 .v4_bx         0x00000000        0x0 linker stubs

.ARM.exidx
 *(.ARM.exidx* .gnu.linkonce.armexidx.*)
                0x000007c8                __exidx_end = .
                0x000007c8                _etext = .

.data           0x20000000        0x4 load address 0x600007c8
                0x600007c8                __data_load = LOADADDR (.data)
                0x600007c8                _sidata = LOADADDR (.data)
                0x20000000                __data_start = .
                0x20000000                _sdata = .
 *(.jcr)
 .jcr           0x20000000        0x0 c:/actel/libero_v9.1/softconsole/sourcery-g++/bin/../lib/gcc/arm-none-eabi/4.4.1/thumb2/crtbegin.o
 .jcr           0x20000000        0x4 c:/actel/libero_v9.1/softconsole/sourcery-g++/bin/../lib/gcc/arm-none-eabi/4.4.1/thumb2/crtend.o
 *(.got.plt)
 *(.got)
 *(.shdata)
 *(.data .data.* .gnu.linkonce.d.*)
                0x20000004                . = ALIGN (0x4)
                0x20000004                _edata = .

.bss            0x20000004        0x4 load address 0x600007cc
                0x20000004                __bss_start__ = .
                0x20000004                _sbss = .
 *(.shbss)
 *(.bss .bss.* .gnu.linkonce.b.*)
 .bss           0x20000004        0x1 c:/actel/libero_v9.1/softconsole/sourcery-g++/bin/../lib/gcc/arm-none-eabi/4.4.1/thumb2/crtbegin.o
 *(COMMON)
                0x20000008                . = ALIGN (0x8)
 *fill*         0x20000005        0x3 00
                0x20000008                __bss_end__ = .
                0x20000008                _end = .
                0x20000008                __end = _end
                0x20000008                _ebss = .
                0x20000008                PROVIDE (end, .)

.stab
 *(.stab)

.stabstr
 *(.stabstr)

.debug
 *(.debug)

.line
 *(.line)

.debug_srcinfo
 *(.debug_srcinfo)

.debug_sfnames
 *(.debug_sfnames)

.comment        0x00000000       0xac
 .comment       0x00000000       0x2b ./car.o
 .comment       0x0000002b       0x2b ./main.o
 .comment       0x00000056       0x2b C:/Users/lstolz/Desktop/FollowMe/FollowMe/followme_car/SoftConsole/followme_car_MSS_MSS_CM3_0/followme_car_MSS_MSS_CM3_0_hw_platform/Debug/CMSIS/startup_gcc/newlib_stubs.o
 .comment       0x00000081       0x2b C:\Users\lstolz\Desktop\FollowMe\FollowMe\followme_car\SoftConsole\followme_car_MSS_MSS_CM3_0\followme_car_MSS_MSS_CM3_0_hw_platform\Debug\libfollowme_car_MSS_MSS_CM3_0_hw_platform.a(system_a2fxxxm3.o)

.debug_aranges  0x00000000      0x158
 *(.debug_aranges)
 .debug_aranges
                0x00000000       0x60 ./car.o
 .debug_aranges
                0x00000060       0x20 ./main.o
 .debug_aranges
                0x00000080       0xa8 C:/Users/lstolz/Desktop/FollowMe/FollowMe/followme_car/SoftConsole/followme_car_MSS_MSS_CM3_0/followme_car_MSS_MSS_CM3_0_hw_platform/Debug/CMSIS/startup_gcc/newlib_stubs.o
 .debug_aranges
                0x00000128       0x30 C:\Users\lstolz\Desktop\FollowMe\FollowMe\followme_car\SoftConsole\followme_car_MSS_MSS_CM3_0\followme_car_MSS_MSS_CM3_0_hw_platform\Debug\libfollowme_car_MSS_MSS_CM3_0_hw_platform.a(system_a2fxxxm3.o)

.debug_pubnames
                0x00000000      0x25c
 *(.debug_pubnames)
 .debug_pubnames
                0x00000000       0xa2 ./car.o
 .debug_pubnames
                0x000000a2       0x1b ./main.o
 .debug_pubnames
                0x000000bd       0xeb C:/Users/lstolz/Desktop/FollowMe/FollowMe/followme_car/SoftConsole/followme_car_MSS_MSS_CM3_0/followme_car_MSS_MSS_CM3_0_hw_platform/Debug/CMSIS/startup_gcc/newlib_stubs.o
 .debug_pubnames
                0x000001a8       0xb4 C:\Users\lstolz\Desktop\FollowMe\FollowMe\followme_car\SoftConsole\followme_car_MSS_MSS_CM3_0\followme_car_MSS_MSS_CM3_0_hw_platform\Debug\libfollowme_car_MSS_MSS_CM3_0_hw_platform.a(system_a2fxxxm3.o)

.debug_info     0x00000000      0xf12
 *(.debug_info .gnu.linkonce.wi.*)
 .debug_info    0x00000000      0x26e ./car.o
 .debug_info    0x0000026e       0xa9 ./main.o
 .debug_info    0x00000317      0x6bf C:/Users/lstolz/Desktop/FollowMe/FollowMe/followme_car/SoftConsole/followme_car_MSS_MSS_CM3_0/followme_car_MSS_MSS_CM3_0_hw_platform/Debug/CMSIS/startup_gcc/newlib_stubs.o
 .debug_info    0x000009d6      0x53c C:\Users\lstolz\Desktop\FollowMe\FollowMe\followme_car\SoftConsole\followme_car_MSS_MSS_CM3_0\followme_car_MSS_MSS_CM3_0_hw_platform\Debug\libfollowme_car_MSS_MSS_CM3_0_hw_platform.a(system_a2fxxxm3.o)

.debug_abbrev   0x00000000      0x33c
 *(.debug_abbrev)
 .debug_abbrev  0x00000000       0xa9 ./car.o
 .debug_abbrev  0x000000a9       0x52 ./main.o
 .debug_abbrev  0x000000fb      0x130 C:/Users/lstolz/Desktop/FollowMe/FollowMe/followme_car/SoftConsole/followme_car_MSS_MSS_CM3_0/followme_car_MSS_MSS_CM3_0_hw_platform/Debug/CMSIS/startup_gcc/newlib_stubs.o
 .debug_abbrev  0x0000022b      0x111 C:\Users\lstolz\Desktop\FollowMe\FollowMe\followme_car\SoftConsole\followme_car_MSS_MSS_CM3_0\followme_car_MSS_MSS_CM3_0_hw_platform\Debug\libfollowme_car_MSS_MSS_CM3_0_hw_platform.a(system_a2fxxxm3.o)

.debug_line     0x00000000      0xa1b
 *(.debug_line)
 .debug_line    0x00000000      0x1d9 ./car.o
 .debug_line    0x000001d9      0x15a ./main.o
 .debug_line    0x00000333      0x464 C:/Users/lstolz/Desktop/FollowMe/FollowMe/followme_car/SoftConsole/followme_car_MSS_MSS_CM3_0/followme_car_MSS_MSS_CM3_0_hw_platform/Debug/CMSIS/startup_gcc/newlib_stubs.o
 .debug_line    0x00000797      0x284 C:\Users\lstolz\Desktop\FollowMe\FollowMe\followme_car\SoftConsole\followme_car_MSS_MSS_CM3_0\followme_car_MSS_MSS_CM3_0_hw_platform\Debug\libfollowme_car_MSS_MSS_CM3_0_hw_platform.a(system_a2fxxxm3.o)

.debug_frame    0x00000000      0x420
 *(.debug_frame)
 .debug_frame   0x00000000      0x124 ./car.o
 .debug_frame   0x00000124       0x30 ./main.o
 .debug_frame   0x00000154      0x21c C:/Users/lstolz/Desktop/FollowMe/FollowMe/followme_car/SoftConsole/followme_car_MSS_MSS_CM3_0/followme_car_MSS_MSS_CM3_0_hw_platform/Debug/CMSIS/startup_gcc/newlib_stubs.o
 .debug_frame   0x00000370       0x64 C:\Users\lstolz\Desktop\FollowMe\FollowMe\followme_car\SoftConsole\followme_car_MSS_MSS_CM3_0\followme_car_MSS_MSS_CM3_0_hw_platform\Debug\libfollowme_car_MSS_MSS_CM3_0_hw_platform.a(system_a2fxxxm3.o)
 .debug_frame   0x000003d4       0x20 c:/actel/libero_v9.1/softconsole/sourcery-g++/bin/../lib/gcc/arm-none-eabi/4.4.1/../../../../arm-none-eabi/lib/thumb2\libc.a(lib_a-errno.o)
 .debug_frame   0x000003f4       0x2c c:/actel/libero_v9.1/softconsole/sourcery-g++/bin/../lib/gcc/arm-none-eabi/4.4.1/../../../../arm-none-eabi/lib/thumb2\libc.a(lib_a-init.o)

.debug_str      0x00000000      0x79f
 *(.debug_str)
 .debug_str     0x00000000      0x1cb ./car.o
                                0x1ff (size before relaxing)
 .debug_str     0x000001cb       0x1b ./main.o
                                0x12f (size before relaxing)
 .debug_str     0x000001e6      0x281 C:/Users/lstolz/Desktop/FollowMe/FollowMe/followme_car/SoftConsole/followme_car_MSS_MSS_CM3_0/followme_car_MSS_MSS_CM3_0_hw_platform/Debug/CMSIS/startup_gcc/newlib_stubs.o
                                0x34b (size before relaxing)
 .debug_str     0x00000467      0x338 C:\Users\lstolz\Desktop\FollowMe\FollowMe\followme_car\SoftConsole\followme_car_MSS_MSS_CM3_0\followme_car_MSS_MSS_CM3_0_hw_platform\Debug\libfollowme_car_MSS_MSS_CM3_0_hw_platform.a(system_a2fxxxm3.o)
                                0x47f (size before relaxing)

.debug_loc      0x00000000      0x66d
 *(.debug_loc)
 .debug_loc     0x00000000      0x1d7 ./car.o
 .debug_loc     0x000001d7       0x37 ./main.o
 .debug_loc     0x0000020e      0x3c6 C:/Users/lstolz/Desktop/FollowMe/FollowMe/followme_car/SoftConsole/followme_car_MSS_MSS_CM3_0/followme_car_MSS_MSS_CM3_0_hw_platform/Debug/CMSIS/startup_gcc/newlib_stubs.o
 .debug_loc     0x000005d4       0x99 C:\Users\lstolz\Desktop\FollowMe\FollowMe\followme_car\SoftConsole\followme_car_MSS_MSS_CM3_0\followme_car_MSS_MSS_CM3_0_hw_platform\Debug\libfollowme_car_MSS_MSS_CM3_0_hw_platform.a(system_a2fxxxm3.o)

.debug_macinfo  0x00000000     0xf23e
 *(.debug_macinfo)
 .debug_macinfo
                0x00000000     0x25f9 ./car.o
 .debug_macinfo
                0x000025f9     0x25d6 ./main.o
 .debug_macinfo
                0x00004bcf     0x4bf0 C:/Users/lstolz/Desktop/FollowMe/FollowMe/followme_car/SoftConsole/followme_car_MSS_MSS_CM3_0/followme_car_MSS_MSS_CM3_0_hw_platform/Debug/CMSIS/startup_gcc/newlib_stubs.o
 .debug_macinfo
                0x000097bf     0x5a7f C:\Users\lstolz\Desktop\FollowMe\FollowMe\followme_car\SoftConsole\followme_car_MSS_MSS_CM3_0\followme_car_MSS_MSS_CM3_0_hw_platform\Debug\libfollowme_car_MSS_MSS_CM3_0_hw_platform.a(system_a2fxxxm3.o)

.debug_weaknames
 *(.debug_weaknames)

.debug_funcnames
 *(.debug_funcnames)

.debug_typenames
 *(.debug_typenames)

.debug_varnames
 *(.debug_varnames)

.note.gnu.arm.ident
 *(.note.gnu.arm.ident)

.ARM.attributes
                0x00000000       0x25
 *(.ARM.attributes)
 .ARM.attributes
                0x00000000       0x19 c:/actel/libero_v9.1/softconsole/sourcery-g++/bin/../lib/gcc/arm-none-eabi/4.4.1/thumb2/crti.o
 .ARM.attributes
                0x00000019       0x29 c:/actel/libero_v9.1/softconsole/sourcery-g++/bin/../lib/gcc/arm-none-eabi/4.4.1/thumb2/crtbegin.o
 .ARM.attributes
                0x00000042       0x31 ./car.o
 .ARM.attributes
                0x00000073       0x31 ./main.o
 .ARM.attributes
                0x000000a4       0x21 C:/Users/lstolz/Desktop/FollowMe/FollowMe/followme_car/SoftConsole/followme_car_MSS_MSS_CM3_0/followme_car_MSS_MSS_CM3_0_hw_platform/Debug/CMSIS/startup_gcc/startup_a2fxxxm3.o
 .ARM.attributes
                0x000000c5       0x31 C:/Users/lstolz/Desktop/FollowMe/FollowMe/followme_car/SoftConsole/followme_car_MSS_MSS_CM3_0/followme_car_MSS_MSS_CM3_0_hw_platform/Debug/CMSIS/startup_gcc/newlib_stubs.o
 .ARM.attributes
                0x000000f6       0x31 C:\Users\lstolz\Desktop\FollowMe\FollowMe\followme_car\SoftConsole\followme_car_MSS_MSS_CM3_0\followme_car_MSS_MSS_CM3_0_hw_platform\Debug\libfollowme_car_MSS_MSS_CM3_0_hw_platform.a(system_a2fxxxm3.o)
 .ARM.attributes
                0x00000127       0x29 c:/actel/libero_v9.1/softconsole/sourcery-g++/bin/../lib/gcc/arm-none-eabi/4.4.1/../../../../arm-none-eabi/lib/thumb2\libc.a(lib_a-errno.o)
 .ARM.attributes
                0x00000150       0x29 c:/actel/libero_v9.1/softconsole/sourcery-g++/bin/../lib/gcc/arm-none-eabi/4.4.1/../../../../arm-none-eabi/lib/thumb2\libc.a(lib_a-impure.o)
 .ARM.attributes
                0x00000179       0x29 c:/actel/libero_v9.1/softconsole/sourcery-g++/bin/../lib/gcc/arm-none-eabi/4.4.1/../../../../arm-none-eabi/lib/thumb2\libc.a(lib_a-init.o)
 .ARM.attributes
                0x000001a2       0x29 c:/actel/libero_v9.1/softconsole/sourcery-g++/bin/../lib/gcc/arm-none-eabi/4.4.1/thumb2/crtend.o
 .ARM.attributes
                0x000001cb       0x19 c:/actel/libero_v9.1/softconsole/sourcery-g++/bin/../lib/gcc/arm-none-eabi/4.4.1/thumb2/crtn.o

/DISCARD/
 *(.note.GNU-stack)
OUTPUT(followme_car_MSS_MSS_CM3_0_app elf32-littlearm)

.debug_ranges   0x00000000      0x138
 .debug_ranges  0x00000000       0x58 ./car.o
 .debug_ranges  0x00000058       0x18 ./main.o
 .debug_ranges  0x00000070       0xa0 C:/Users/lstolz/Desktop/FollowMe/FollowMe/followme_car/SoftConsole/followme_car_MSS_MSS_CM3_0/followme_car_MSS_MSS_CM3_0_hw_platform/Debug/CMSIS/startup_gcc/newlib_stubs.o
 .debug_ranges  0x00000110       0x28 C:\Users\lstolz\Desktop\FollowMe\FollowMe\followme_car\SoftConsole\followme_car_MSS_MSS_CM3_0\followme_car_MSS_MSS_CM3_0_hw_platform\Debug\libfollowme_car_MSS_MSS_CM3_0_hw_platform.a(system_a2fxxxm3.o)
