# Synospys Constraint Checker(syntax only), version mapact, Build 004R, built May 28 2014
# Copyright (C) 1994-2013, Synopsys, Inc. This software and the associated documentation are proprietary to Synopsys, Inc. This software may only be used in accordance with the terms and conditions of a written license agreement with Synopsys, Inc.  All other use or distribution of the software is strictly prohibited.

# Written on Wed Mar 25 18:24:17 2015


##### DESIGN INFO #######################################################

Top View:                "followme_car"
Constraint File(s):      "C:\Users\owenyang\Desktop\FollowMe\followme_car\component\work\followme_car_MSS\mss_tshell_syn.sdc"

#Run constraint checker to find more issues with constraints.
#########################################################################



No issues found in constraint syntax.



Clock Summary
**************

Start       Requested     Requested     Clock        Clock      
Clock       Frequency     Period        Type         Group      
----------------------------------------------------------------
FAB_CLK     100.0 MHz     10.000        declared     clk_group_0
FCLK        100.0 MHz     10.000        declared     clk_group_0
================================================================
