Target Part: A2F200M3F_FBGA484_-1
Report for cell followme_car.verilog
  Core Cell usage:
              cell count     area count*area
              AND2    13      1.0       13.0
             AND2A    10      1.0       10.0
              AND3    60      1.0       60.0
               AO1   108      1.0      108.0
              AO13    21      1.0       21.0
              AO18     2      1.0        2.0
              AO1A    19      1.0       19.0
              AO1B     2      1.0        2.0
              AO1C     6      1.0        6.0
              AO1D     2      1.0        2.0
              AOI1     7      1.0        7.0
             AOI1A    22      1.0       22.0
             AOI1B    20      1.0       20.0
               AX1     3      1.0        3.0
              AX1A     2      1.0        2.0
              AX1B     5      1.0        5.0
              AX1C     1      1.0        1.0
              AX1D    47      1.0       47.0
              AXO1     1      1.0        1.0
             AXOI3     1      1.0        1.0
             AXOI7     1      1.0        1.0
               GND     6      0.0        0.0
              MAJ3     4      1.0        4.0
           MSS_APB     1      0.0        0.0
           MSS_CCC     1      0.0        0.0
               MX2    65      1.0       65.0
              MX2A     5      1.0        5.0
              MX2B     3      1.0        3.0
              MX2C     1      1.0        1.0
              NOR2    26      1.0       26.0
             NOR2A   119      1.0      119.0
             NOR2B   161      1.0      161.0
              NOR3     8      1.0        8.0
             NOR3A    51      1.0       51.0
             NOR3B    39      1.0       39.0
             NOR3C   106      1.0      106.0
               OA1    40      1.0       40.0
              OA1A    57      1.0       57.0
              OA1B     7      1.0        7.0
              OA1C     8      1.0        8.0
              OAI1     6      1.0        6.0
               OR2    70      1.0       70.0
              OR2A    67      1.0       67.0
              OR2B     8      1.0        8.0
               OR3    27      1.0       27.0
              OR3A     7      1.0        7.0
              OR3B     1      1.0        1.0
              OR3C     1      1.0        1.0
             RCOSC     1      0.0        0.0
               VCC     6      0.0        0.0
               XA1     4      1.0        4.0
              XA1A     4      1.0        4.0
              XA1C     1      1.0        1.0
             XAI1A     1      1.0        1.0
             XNOR2   113      1.0      113.0
             XNOR3    27      1.0       27.0
               XO1     1      1.0        1.0
              XO1A     6      1.0        6.0
              XOR2   138      1.0      138.0
              XOR3    19      1.0       19.0


              DFN1    66      1.0       66.0
                   -----          ----------
             TOTAL  1635              1620.0


  IO Cell usage:
              cell count
         INBUF_MSS     1
            OUTBUF     4
                   -----
             TOTAL     5


Core Cells         : 1620 of 4608 (35%)
IO Cells           : 5

  RAM/ROM Usage Summary
Block Rams : 0 of 8 (0%)

